// Jest Snapshot v1, https://goo.gl/fbAQLP

exports[`Header component should render Header component 1`] = `
<styled.div>
  <Styled(Link)
    to="/"
  >
    <ForwardRef(SvgLogo)
      className="logo"
    />
  </Styled(Link)>
  <styled.div>
    <OptionLink
      to="/menu"
    >
      MENU
    </OptionLink>
    <OptionLink
      to="/orders"
    >
      MY ORDERS
    </OptionLink>
    <OptionLink
      as="div"
      onClick={[MockFunction]}
    >
      SIGN OUT
    </OptionLink>
    <Connect(CartIcon) />
  </styled.div>
  <withRouter(Connect(CartDropdown)) />
</styled.div>
`;
