// Jest Snapshot v1, https://goo.gl/fbAQLP

exports[`should render CheckoutPage component 1`] = `
<CSSTransition
  appear={true}
  classNames="checkout-animation"
  in={true}
  timeout={300}
>
  <styled.div>
    <styled.div>
      <styled.div>
        <styled.div>
          <span>
            Product
          </span>
        </styled.div>
        <styled.div>
          <span>
            Description
          </span>
        </styled.div>
        <styled.div>
          <span>
            Quantity
          </span>
        </styled.div>
        <styled.div>
          <span>
            Price
          </span>
        </styled.div>
        <styled.div>
          <span>
            Remove
          </span>
        </styled.div>
      </styled.div>
      <styled.h3>
        DELIVERY: 
        <Connect(PriceContainer) />
      </styled.h3>
      <styled.h3>
        TOTAL: 
        <Connect(PriceContainer)
          price={100}
        />
      </styled.h3>
    </styled.div>
    <styled.div>
      <form
        onSubmit={[Function]}
      >
        <FormInput
          label="Display Name"
          name="displayName"
          onChange={[Function]}
          required={true}
          type="text"
          value=""
        />
        <FormInput
          label="Email"
          name="email"
          onChange={[Function]}
          required={true}
          type="email"
          value=""
        />
        <FormInput
          label="Phone"
          name="phone"
          onChange={[Function]}
          required={true}
          type="tel"
          value=""
        />
        <FormInput
          label="Address"
          name="address"
          onChange={[Function]}
          required={true}
          type="text"
          value=""
        />
        <FormSelect
          label="Currency"
          name="currency"
          onChange={[Function]}
          value="USD"
        />
        <CustomButton
          type="submit"
        >
          PLACE ORDER
        </CustomButton>
      </form>
    </styled.div>
  </styled.div>
</CSSTransition>
`;
