// Jest Snapshot v1, https://goo.gl/fbAQLP

exports[`CollectionItem component should render CollectionItem component 1`] = `
<styled.div>
  <BackgroundImage
    className="image"
    imageUrl="www.testImage.com"
  />
  <CollectionFooterContainer>
    <NameContainer>
      black hat
    </NameContainer>
    <ItemPriceContainer>
      <Connect(PriceContainer)
        price={10}
      />
    </ItemPriceContainer>
  </CollectionFooterContainer>
  <AddButton
    inverted={true}
    onClick={[Function]}
  >
    Add to cart
  </AddButton>
</styled.div>
`;
